src/app/profile/page.tsx(73,37): error TS2339: Property 'type' does not exist on type 'Action'.
src/app/profile/page.tsx(74,37): error TS2339: Property 'type' does not exist on type 'Action'.
src/app/profile/page.tsx(75,37): error TS2339: Property 'type' does not exist on type 'Action'.
src/app/profile/page.tsx(79,41): error TS2339: Property 'type' does not exist on type 'Action'.
src/app/profile/page.tsx(80,41): error TS2339: Property 'type' does not exist on type 'Action'.
src/app/profile/page.tsx(81,41): error TS2339: Property 'type' does not exist on type 'Action'.
src/app/scanner/page.tsx(4,23): error TS7016: Could not find a declaration file for module 'react-qr-scanner'. 'C:/Users/oanse/APPLI ECO/greencampus-quest/node_modules/react-qr-scanner/dist/react-qr-scanner.cjs.js' implicitly has an 'any' type.
  Try `npm i --save-dev @types/react-qr-scanner` if it exists or add a new declaration (.d.ts) file containing `declare module 'react-qr-scanner';`
src/components/ui/Button.tsx(51,13): error TS2322: Type 'ReactNode | MotionValueNumber | MotionValueString' is not assignable to type 'ReactNode'.
  Type 'MotionValueNumber' is not assignable to type 'ReactNode'.
src/lib/gameLogic.ts(1,20): error TS2724: '"./db"' has no exported member named 'EcoAction'. Did you mean 'Action'?
